NEW 9876291 000 0000000 Purple Socks
EOS 0000000 000 0000000 ***