NEW 9900001 000 0000000 Kathy Mill
EOS 0000000 000 0000000 ***