WDR 0000000 999999999 1234567
EOS 0000000 000 0000000 ***