WDR 0000000 10000 1234567
EOS 0000000 000 0000000 ***