WDR 0000000 5000 1234567 ***
WDR 0000000 5000 1234567 ***
EOS 0000000 000 0000000 ***