WDR 0000000 1234567 999999999
EOS 0000000 000 0000000 ***