DEL 1234567 000 0000000 QA Ninja
EOS 0000000 000 0000000 ***