XFR 3490500 1234567 25000
EOS 0000000 000 0000000 ***