XFR 3487200 3426571 3500
EOS 0000000 000 0000000 ***