DEP 1234900 45000 0000000
EOS 0000000 000 0000000 ***