DEP 9090900 15000 0000000
EOS 0000000 000 0000000 ***